
  .   ____          _            __ _ _
 /\\ / ___'_ __ _ _(_)_ __  __ _ \ \ \ \
( ( )\___ | '_ | '_| | '_ \/ _` | \ \ \ \
 \\/  ___)| |_)| | | | | || (_| |  ) ) ) )
  '  |____| .__|_| |_|_| |_\__, | / / / /
 =========|_|==============|___/=/_/_/_/
 :: Spring Boot ::                (v3.2.5)

2026-05-25T11:50:35.424+08:00  INFO 23896 --- [emomind] [           main] com.emomind.EmoMindApplication           : Starting EmoMindApplication v1.0.0-SNAPSHOT using Java 17.0.5 with PID 23896 (F:\dev\AI_Tools\workspace\psychoanalysis\psychoanalytic-version-update\emomind-sb\backend-sb\target\emomind-backend-1.0.0-SNAPSHOT.jar started by admin in F:\dev\AI_Tools\workspace\psychoanalysis\psychoanalytic-version-update\emomind-sb\backend-sb)
2026-05-25T11:50:35.426+08:00  INFO 23896 --- [emomind] [           main] com.emomind.EmoMindApplication           : The following 1 profile is active: "test"
2026-05-25T11:50:37.069+08:00  INFO 23896 --- [emomind] [           main] .s.d.r.c.RepositoryConfigurationDelegate : Bootstrapping Spring Data JPA repositories in DEFAULT mode.
2026-05-25T11:50:37.211+08:00  INFO 23896 --- [emomind] [           main] .s.d.r.c.RepositoryConfigurationDelegate : Finished Spring Data repository scanning in 135 ms. Found 3 JPA repository interfaces.
2026-05-25T11:50:38.560+08:00  INFO 23896 --- [emomind] [           main] o.s.b.w.embedded.tomcat.TomcatWebServer  : Tomcat initialized with port 8080 (http)
2026-05-25T11:50:38.603+08:00  INFO 23896 --- [emomind] [           main] o.apache.catalina.core.StandardService   : Starting service [Tomcat]
2026-05-25T11:50:38.603+08:00  INFO 23896 --- [emomind] [           main] o.apache.catalina.core.StandardEngine    : Starting Servlet engine: [Apache Tomcat/10.1.20]
2026-05-25T11:50:38.719+08:00  INFO 23896 --- [emomind] [           main] o.a.c.c.C.[Tomcat].[localhost].[/]       : Initializing Spring embedded WebApplicationContext
2026-05-25T11:50:38.719+08:00  INFO 23896 --- [emomind] [           main] w.s.c.ServletWebServerApplicationContext : Root WebApplicationContext: initialization completed in 3200 ms
2026-05-25T11:50:39.550+08:00  INFO 23896 --- [emomind] [           main] o.hibernate.jpa.internal.util.LogHelper  : HHH000204: Processing PersistenceUnitInfo [name: default]
2026-05-25T11:50:39.627+08:00  INFO 23896 --- [emomind] [           main] org.hibernate.Version                    : HHH000412: Hibernate ORM core version 6.4.4.Final
2026-05-25T11:50:39.681+08:00  INFO 23896 --- [emomind] [           main] o.h.c.internal.RegionFactoryInitiator    : HHH000026: Second-level cache disabled
2026-05-25T11:50:39.959+08:00  INFO 23896 --- [emomind] [           main] o.s.o.j.p.SpringPersistenceUnitInfo      : No LoadTimeWeaver setup: ignoring JPA class transformer
2026-05-25T11:50:39.981+08:00  INFO 23896 --- [emomind] [           main] com.zaxxer.hikari.HikariDataSource       : HikariPool-1 - Starting...
2026-05-25T11:50:40.155+08:00  INFO 23896 --- [emomind] [           main] com.zaxxer.hikari.pool.HikariPool        : HikariPool-1 - Added connection conn0: url=jdbc:h2:mem:testdb user=SA
2026-05-25T11:50:40.155+08:00  INFO 23896 --- [emomind] [           main] com.zaxxer.hikari.HikariDataSource       : HikariPool-1 - Start completed.
2026-05-25T11:50:40.173+08:00  WARN 23896 --- [emomind] [           main] org.hibernate.orm.deprecation            : HHH90000025: H2Dialect does not need to be specified explicitly using 'hibernate.dialect' (remove the property setting and it will be selected by default)
2026-05-25T11:50:40.924+08:00  INFO 23896 --- [emomind] [           main] o.h.e.t.j.p.i.JtaPlatformInitiator       : HHH000489: No JTA platform available (set 'hibernate.transaction.jta.platform' to enable JTA platform integration)
2026-05-25T11:50:40.970+08:00  INFO 23896 --- [emomind] [           main] j.LocalContainerEntityManagerFactoryBean : Initialized JPA EntityManagerFactory for persistence unit 'default'
2026-05-25T11:50:42.807+08:00  WARN 23896 --- [emomind] [           main] JpaBaseConfiguration$JpaWebConfiguration : spring.jpa.open-in-view is enabled by default. Therefore, database queries may be performed during view rendering. Explicitly configure spring.jpa.open-in-view to disable this warning
2026-05-25T11:50:43.874+08:00  INFO 23896 --- [emomind] [           main] o.s.b.a.e.web.EndpointLinksResolver      : Exposing 4 endpoint(s) beneath base path '/actuator'
2026-05-25T11:50:43.983+08:00  INFO 23896 --- [emomind] [           main] o.s.s.web.DefaultSecurityFilterChain     : Will secure any request with [org.springframework.security.web.session.DisableEncodeUrlFilter@37905236, org.springframework.security.web.context.request.async.WebAsyncManagerIntegrationFilter@4fdb338e, org.springframework.security.web.context.SecurityContextHolderFilter@3eff5c32, org.springframework.security.web.header.HeaderWriterFilter@4f355321, org.springframework.security.web.authentication.logout.LogoutFilter@11a88d87, com.emomind.security.JwtAuthenticationFilter@520034a, com.emomind.security.StreakUpdateFilter@6ba19932, org.springframework.security.web.savedrequest.RequestCacheAwareFilter@2db15764, org.springframework.security.web.servletapi.SecurityContextHolderAwareRequestFilter@7ddf7e77, org.springframework.security.web.authentication.AnonymousAuthenticationFilter@2de22e7, org.springframework.security.web.session.SessionManagementFilter@158119bf, org.springframework.security.web.access.ExceptionTranslationFilter@424c8ebe, org.springframework.security.web.access.intercept.AuthorizationFilter@5f3fa154]
2026-05-25T11:50:44.624+08:00  INFO 23896 --- [emomind] [           main] o.s.b.w.embedded.tomcat.TomcatWebServer  : Tomcat started on port 8080 (http) with context path ''
2026-05-25T11:50:44.637+08:00  INFO 23896 --- [emomind] [           main] com.emomind.EmoMindApplication           : Started EmoMindApplication in 9.718 seconds (process running for 10.273)
2026-05-25T11:50:49.433+08:00  INFO 23896 --- [emomind] [nio-8080-exec-1] o.a.c.c.C.[Tomcat].[localhost].[/]       : Initializing Spring DispatcherServlet 'dispatcherServlet'
2026-05-25T11:50:49.433+08:00  INFO 23896 --- [emomind] [nio-8080-exec-1] o.s.web.servlet.DispatcherServlet        : Initializing Servlet 'dispatcherServlet'
2026-05-25T11:50:49.433+08:00  INFO 23896 --- [emomind] [nio-8080-exec-1] o.s.web.servlet.DispatcherServlet        : Completed initialization in 0 ms
2026-05-25T11:50:50.353+08:00  INFO 23896 --- [emomind] [nio-8080-exec-2] o.springdoc.api.AbstractOpenApiResource  : Init duration for springdoc-openapi is: 750 ms
